// Jest Snapshot v1, https://goo.gl/fbAQLP

exports[`PermissionsApplication should display appName when query has been loaded 1`] = `
<div>
  <div
    data-narrow="true"
    data-testid="page"
  >
    <div>
      <div
        data-testid="pageTitle"
      >
        DRIVE
      </div>
    </div>
  </div>
</div>
`;
