// Jest Snapshot v1, https://goo.gl/fbAQLP

exports[`DataList should display DataList title 1`] = `
<div>
  <div
    data-narrow="true"
    data-testid="page"
  >
    <div
      data-testid="page-title"
    >
      Data
    </div>
  </div>
</div>
`;
